10001100000001000000000101101000
10001100000001010000000000011110
00000000100000000100000000100000
00000000101000000100100000100000
00000000000000000101000000100000
10001100000000000000000101101000
10001100000000010000000000011110
00000000000000000000000000100000
00000000001000000000100000100000
00000000000000000001000000100000
