8c220000
8c640000
00a42020
00642824
ac640000
00822022
1080fff9
08000005
