00100000000100000000000001100100
10101100000001010000000000000010
00000000000000000000000000001101
